/opt/homebrew/lib/ruby/gems/4.0.0/gems/jekyll-3.9.0/lib/jekyll/log_adapter.rb:43: warning: Logger not initialized properly
/opt/homebrew/lib/ruby/gems/4.0.0/gems/jekyll-3.9.0/lib/jekyll/stevenson.rb:5: info: Jekyll::Stevenson#initialize: does not call super probably
Configuration file: /Users/tfl/Documents/GitHub/Teaching-Archives/_config.yml
To use retry middleware with Faraday v2.0+, install `faraday-retry` gem
            Source: /Users/tfl/Documents/GitHub/Teaching-Archives
       Destination: /Users/tfl/Documents/GitHub/Teaching-Archives/_site
 Incremental build: disabled. Enable with --incremental
      Generating... 
                    done in 0.727 seconds.
 Auto-regeneration: enabled for '/Users/tfl/Documents/GitHub/Teaching-Archives'
    Server address: http://127.0.0.1:4000/
  Server running... press ctrl-c to stop.
[2026-05-10 16:18:26] ERROR '/favicon.ico' not found.
      Regenerating: 1 file(s) changed at 2026-05-10 16:20:13
                    _layouts/default.html
                    ...done in 0.660099 seconds.
                    
      Regenerating: 1 file(s) changed at 2026-05-10 16:20:21
                    Listening/Listening Vocabulary.html
                    ...done in 0.686737 seconds.
                    
      Regenerating: 1 file(s) changed at 2026-05-10 16:20:30
                    assets/css/main.css
                    ...done in 0.662183 seconds.
                    
      Regenerating: 1 file(s) changed at 2026-05-10 16:20:38
                    assets/js/main.js
                    ...done in 0.651424 seconds.
                    
      Regenerating: 1 file(s) changed at 2026-05-10 16:20:48
                    _layouts/default.html
                    ...done in 0.46865 seconds.
                    
      Regenerating: 1 file(s) changed at 2026-05-10 16:21:01
                    Grammar/Simple Past Tense.html
                    ...done in 0.44075 seconds.
                    
      Regenerating: 1 file(s) changed at 2026-05-10 16:21:12
                    Grammar/Simple Present Tense.html
                    ...done in 0.50587 seconds.
                    
      Regenerating: 1 file(s) changed at 2026-05-10 16:21:18
                    Grammar/Simple Future Tense.html
                    ...done in 0.437356 seconds.
                    
      Regenerating: 1 file(s) changed at 2026-05-10 16:21:25
                    Grammar/Passive Voice.html
                    ...done in 0.469551 seconds.
                    
      Regenerating: 1 file(s) changed at 2026-05-10 16:21:33
                    Grammar/First Conditional.html
                    ...done in 0.470762 seconds.
                    
      Regenerating: 1 file(s) changed at 2026-05-10 16:21:40
                    Grammar/Must Have to Need to.html
                    ...done in 0.488248 seconds.
                    
      Regenerating: 1 file(s) changed at 2026-05-10 16:21:48
                    Grammar/Connectives Because Since So.html
                    ...done in 0.494779 seconds.
                    
      Regenerating: 1 file(s) changed at 2026-05-10 16:21:55
                    Grammar/Connectives So Therefore As a result.html
                    ...done in 0.464087 seconds.
                    
      Regenerating: 1 file(s) changed at 2026-05-10 16:22:02
                    Grammar/So That So As To.html
                    ...done in 0.454406 seconds.
                    
      Regenerating: 1 file(s) changed at 2026-05-10 16:22:10
                    Grammar/Adverbs of Sequence.html
                    ...done in 0.45357 seconds.
                    
      Regenerating: 1 file(s) changed at 2026-05-10 16:22:17
                    Grammar/Comparative and Superlative Adjectives.html
                    ...done in 0.450927 seconds.
                    
      Regenerating: 1 file(s) changed at 2026-05-10 16:22:24
                    Grammar/Defining Non-Defining Relative Clauses.html
                    ...done in 0.444306 seconds.
                    
      Regenerating: 1 file(s) changed at 2026-05-10 16:22:32
                    Grammar/Prepositions of Movement.html
                    ...done in 0.445721 seconds.
                    
      Regenerating: 1 file(s) changed at 2026-05-10 16:22:39
                    Grammar/Past Continuous Tense.html
                    ...done in 0.441317 seconds.
                    
      Regenerating: 1 file(s) changed at 2026-05-10 16:22:47
                    Grammar/Present Continuous Tense.html
                    ...done in 0.449475 seconds.
                    
      Regenerating: 1 file(s) changed at 2026-05-10 16:22:54
                    Grammar/Unless.html
                    ...done in 0.446751 seconds.
                    
      Regenerating: 1 file(s) changed at 2026-05-10 16:23:01
                    Grammar/Tenses.html
                    ...done in 0.446027 seconds.
                    
      Regenerating: 1 file(s) changed at 2026-05-10 16:23:08
                    Grammar/Pronoun Table.html
                    ...done in 0.43565 seconds.
                    
      Regenerating: 1 file(s) changed at 2026-05-10 16:41:54
                    assets/css/main.css
                    ...done in 0.518638 seconds.
                    
      Regenerating: 1 file(s) changed at 2026-05-10 16:42:19
                    Grammar/Simple Past Tense.html
                    ...done in 0.47201 seconds.
                    
      Regenerating: 1 file(s) changed at 2026-05-10 16:42:31
                    Listening/Listening Vocabulary.html
                    ...done in 0.454174 seconds.
                    
      Regenerating: 1 file(s) changed at 2026-05-10 16:45:29
                    assets/css/main.css
                    ...done in 0.429032 seconds.
                    
      Regenerating: 1 file(s) changed at 2026-05-10 16:45:48
                    Writing/Text Types.html
                    ...done in 0.465653 seconds.
                    
      Regenerating: 1 file(s) changed at 2026-05-10 16:46:40
                    _layouts/default.html
                    ...done in 0.460687 seconds.
                    
      Regenerating: 1 file(s) changed at 2026-05-10 16:46:48
                    Writing/Text Types.html
                    ...done in 0.442462 seconds.
                    
      Regenerating: 2 file(s) changed at 2026-05-10 16:48:11
                    index.html
                    jekyll.log
                    ...done in 0.442594 seconds.
                    
      Regenerating: 2 file(s) changed at 2026-05-10 16:48:39
                    index.html
                    jekyll.log
                    ...done in 0.428291 seconds.
                    
      Regenerating: 2 file(s) changed at 2026-05-10 16:48:58
                    index.html
                    jekyll.log
                    ...done in 0.460475 seconds.
                    
      Regenerating: 2 file(s) changed at 2026-05-10 16:49:51
                    index.html
                    jekyll.log
                    ...done in 0.45774 seconds.
                    
      Regenerating: 1 file(s) changed at 2026-05-10 17:10:26
                    assets/css/main.css
                    ...done in 0.477051 seconds.
                    
      Regenerating: 1 file(s) changed at 2026-05-10 17:10:46
                    _layouts/default.html
                    ...done in 0.456557 seconds.
                    
      Regenerating: 1 file(s) changed at 2026-05-10 17:10:52
                    assets/data/resources.json
                    ...done in 0.441936 seconds.
                    
      Regenerating: 2 file(s) changed at 2026-05-10 17:10:58
                    index.html
                    jekyll.log
                    ...done in 0.427022 seconds.
                    
      Regenerating: 1 file(s) changed at 2026-05-10 17:11:10
                    Grammar/Simple Past Tense.html
                    ...done in 0.441735 seconds.
                    
      Regenerating: 1 file(s) changed at 2026-05-10 17:28:55
                    assets/css/main.css
                    ...done in 0.46549 seconds.
                    
      Regenerating: 1 file(s) changed at 2026-05-10 17:35:55
                    _layouts/default.html
                    ...done in 0.433232 seconds.
                    
      Regenerating: 1 file(s) changed at 2026-05-10 17:36:09
                    Grammar/Simple Past Tense.html
                    ...done in 0.492161 seconds.
                    
      Regenerating: 47 file(s) changed at 2026-05-10 17:36:39
                    Reading/Reading Vocabulary.html
                    Reading/Tips.html
                    Reading/Question Types.html
                    Grammar/Connectives So Therefore As a result.html
                    Grammar/Simple Present Tense.html
                    Grammar/Simple Past Tense.html
                    Grammar/So That So As To.html
                    Grammar/Passive Voice.html
                    Grammar/Past Continuous Tense.html
                    Grammar/Simple Future Tense.html
                    Grammar/Defining Non-Defining Relative Clauses.html
                    Grammar/Tenses.html
                    Grammar/Prepositions of Movement.html
                    Grammar/Pronoun Table.html
                    Grammar/Second Conditional.html
                    Grammar/Must Have to Need to.html
                    Grammar/First Conditional.html
                    Grammar/Comparative and Superlative Adjectives.html
                    Grammar/Connectives Because Since So.html
                    Grammar/Unless.html
                    Grammar/Adverbs of Sequence.html
                    Grammar/Present Continuous Tense.html
                    Listening/Listening Vocabulary.html
                    Listening/Listening Strategies.html
                    index.html
                    _layouts/default.html
                    Quizzes/Passive Voice - Quiz.html
                    Quizzes/Second Conditional - Quiz.html
                    Quizzes/Connectives Because Since So - Quiz.html
                    Quizzes/Connectives So Therefore As a result - Quiz.html
                    Quizzes/Comparative and Superlative Adjectives - Quiz.html
                    Quizzes/Adverbs of Sequence - Quiz.html
                    Quizzes/Prepositions of Movement - Quiz.html
                    Quizzes/Tenses - Quiz.html
                    Quizzes/Simple Past Tense - Quiz.html
                    Quizzes/Must Have to Need to - Quiz.html
                    Quizzes/Unless - Quiz.html
                    Quizzes/Simple Future Tense - Quiz.html
                    Quizzes/First Conditional - Quiz.html
                    Quizzes/Simple Present Tense - Quiz.html
                    Quizzes/Past Continuous Tense - Quiz.html
                    Quizzes/So That So As To - Quiz.html
                    Quizzes/Pronoun Table - Quiz.html
                    Quizzes/Defining Non-Defining Relative Clauses - Quiz.html
                    Quizzes/Present Continuous Tense - Quiz.html
                    jekyll.log
                    Writing/Text Types.html
                    ...done in 0.43278 seconds.
                    
      Regenerating: 48 file(s) changed at 2026-05-10 17:36:49
                    Reading/Reading Vocabulary.html
                    Reading/Tips.html
                    Reading/Question Types.html
                    Grammar/Connectives So Therefore As a result.html
                    Grammar/Simple Present Tense.html
                    Grammar/Simple Past Tense.html
                    Grammar/So That So As To.html
                    Grammar/Passive Voice.html
                    Grammar/Past Continuous Tense.html
                    Grammar/Simple Future Tense.html
                    Grammar/Defining Non-Defining Relative Clauses.html
                    Grammar/Tenses.html
                    Grammar/Prepositions of Movement.html
                    Grammar/Pronoun Table.html
                    Grammar/Second Conditional.html
                    Grammar/Must Have to Need to.html
                    Grammar/First Conditional.html
                    Grammar/Comparative and Superlative Adjectives.html
                    Grammar/Connectives Because Since So.html
                    Grammar/Unless.html
                    Grammar/Adverbs of Sequence.html
                    Grammar/Present Continuous Tense.html
                    Listening/Listening Vocabulary.html
                    Listening/Listening Strategies.html
                    index.html
                    _layouts/default.html
                    Gemfile
                    Quizzes/Passive Voice - Quiz.html
                    Quizzes/Second Conditional - Quiz.html
                    Quizzes/Connectives Because Since So - Quiz.html
                    Quizzes/Connectives So Therefore As a result - Quiz.html
                    Quizzes/Comparative and Superlative Adjectives - Quiz.html
                    Quizzes/Adverbs of Sequence - Quiz.html
                    Quizzes/Prepositions of Movement - Quiz.html
                    Quizzes/Tenses - Quiz.html
                    Quizzes/Simple Past Tense - Quiz.html
                    Quizzes/Must Have to Need to - Quiz.html
                    Quizzes/Unless - Quiz.html
                    Quizzes/Simple Future Tense - Quiz.html
                    Quizzes/First Conditional - Quiz.html
                    Quizzes/Simple Present Tense - Quiz.html
                    Quizzes/Past Continuous Tense - Quiz.html
                    Quizzes/So That So As To - Quiz.html
                    Quizzes/Pronoun Table - Quiz.html
                    Quizzes/Defining Non-Defining Relative Clauses - Quiz.html
                    Quizzes/Present Continuous Tense - Quiz.html
                    jekyll.log
                    Writing/Text Types.html
                    ...done in 0.673276 seconds.
                    
      Regenerating: 1 file(s) changed at 2026-05-10 17:36:50
                    jekyll.log
                    ...done in 0.450276 seconds.
                    
      Regenerating: 47 file(s) changed at 2026-05-10 17:36:57
                    Reading/Reading Vocabulary.html
                    Reading/Tips.html
                    Reading/Question Types.html
                    Grammar/Connectives So Therefore As a result.html
                    Grammar/Simple Present Tense.html
                    Grammar/Simple Past Tense.html
                    Grammar/So That So As To.html
                    Grammar/Passive Voice.html
                    Grammar/Past Continuous Tense.html
                    Grammar/Simple Future Tense.html
                    Grammar/Defining Non-Defining Relative Clauses.html
                    Grammar/Tenses.html
                    Grammar/Prepositions of Movement.html
                    Grammar/Pronoun Table.html
                    Grammar/Second Conditional.html
                    Grammar/Must Have to Need to.html
                    Grammar/First Conditional.html
                    Grammar/Comparative and Superlative Adjectives.html
                    Grammar/Connectives Because Since So.html
                    Grammar/Unless.html
                    Grammar/Adverbs of Sequence.html
                    Grammar/Present Continuous Tense.html
                    Listening/Listening Vocabulary.html
                    Listening/Listening Strategies.html
                    index.html
                    _layouts/default.html
                    Quizzes/Passive Voice - Quiz.html
                    Quizzes/Second Conditional - Quiz.html
                    Quizzes/Connectives Because Since So - Quiz.html
                    Quizzes/Connectives So Therefore As a result - Quiz.html
                    Quizzes/Comparative and Superlative Adjectives - Quiz.html
                    Quizzes/Adverbs of Sequence - Quiz.html
                    Quizzes/Prepositions of Movement - Quiz.html
                    Quizzes/Tenses - Quiz.html
                    Quizzes/Simple Past Tense - Quiz.html
                    Quizzes/Must Have to Need to - Quiz.html
                    Quizzes/Unless - Quiz.html
                    Quizzes/Simple Future Tense - Quiz.html
                    Quizzes/First Conditional - Quiz.html
                    Quizzes/Simple Present Tense - Quiz.html
                    Quizzes/Past Continuous Tense - Quiz.html
                    Quizzes/So That So As To - Quiz.html
                    Quizzes/Pronoun Table - Quiz.html
                    Quizzes/Defining Non-Defining Relative Clauses - Quiz.html
                    Quizzes/Present Continuous Tense - Quiz.html
                    jekyll.log
                    Writing/Text Types.html
                    ...done in 0.4733 seconds.
                    
      Regenerating: 47 file(s) changed at 2026-05-10 17:37:04
                    Grammar/Connectives So Therefore As a result.html
                    Grammar/Simple Present Tense.html
                    Grammar/Simple Past Tense.html
                    Grammar/So That So As To.html
                    Grammar/Passive Voice.html
                    Grammar/Past Continuous Tense.html
                    Grammar/Simple Future Tense.html
                    Grammar/Defining Non-Defining Relative Clauses.html
                    Grammar/Tenses.html
                    Grammar/Prepositions of Movement.html
                    Grammar/Pronoun Table.html
                    Grammar/Second Conditional.html
                    Grammar/Must Have to Need to.html
                    Grammar/First Conditional.html
                    Grammar/Comparative and Superlative Adjectives.html
                    Grammar/Connectives Because Since So.html
                    Grammar/Unless.html
                    Grammar/Adverbs of Sequence.html
                    Grammar/Present Continuous Tense.html
                    Listening/Listening Vocabulary.html
                    Listening/Listening Strategies.html
                    Quizzes/Passive Voice - Quiz.html
                    Quizzes/Second Conditional - Quiz.html
                    Quizzes/Connectives Because Since So - Quiz.html
                    Quizzes/Connectives So Therefore As a result - Quiz.html
                    Quizzes/Comparative and Superlative Adjectives - Quiz.html
                    Quizzes/Adverbs of Sequence - Quiz.html
                    Quizzes/Prepositions of Movement - Quiz.html
                    Quizzes/Tenses - Quiz.html
                    Quizzes/Simple Past Tense - Quiz.html
                    Quizzes/Must Have to Need to - Quiz.html
                    Quizzes/Unless - Quiz.html
                    Quizzes/Simple Future Tense - Quiz.html
                    Quizzes/First Conditional - Quiz.html
                    Quizzes/Simple Present Tense - Quiz.html
                    Quizzes/Past Continuous Tense - Quiz.html
                    Quizzes/So That So As To - Quiz.html
                    Quizzes/Pronoun Table - Quiz.html
                    Quizzes/Defining Non-Defining Relative Clauses - Quiz.html
                    Quizzes/Present Continuous Tense - Quiz.html
                    Reading/Reading Vocabulary.html
                    Reading/Tips.html
                    Reading/Question Types.html
                    Writing/Text Types.html
                    _layouts/default.html
                    index.html
                    jekyll.log
                    ...done in 0.481493 seconds.
                    
      Regenerating: 47 file(s) changed at 2026-05-10 17:37:13
                    Grammar/Connectives So Therefore As a result.html
                    Grammar/Simple Present Tense.html
                    Grammar/Simple Past Tense.html
                    Grammar/So That So As To.html
                    Grammar/Passive Voice.html
                    Grammar/Past Continuous Tense.html
                    Grammar/Simple Future Tense.html
                    Grammar/Defining Non-Defining Relative Clauses.html
                    Grammar/Tenses.html
                    Grammar/Prepositions of Movement.html
                    Grammar/Pronoun Table.html
                    Grammar/Second Conditional.html
                    Grammar/Must Have to Need to.html
                    Grammar/First Conditional.html
                    Grammar/Comparative and Superlative Adjectives.html
                    Grammar/Connectives Because Since So.html
                    Grammar/Unless.html
                    Grammar/Adverbs of Sequence.html
                    Grammar/Present Continuous Tense.html
                    Listening/Listening Vocabulary.html
                    Listening/Listening Strategies.html
                    Quizzes/Passive Voice - Quiz.html
                    Quizzes/Second Conditional - Quiz.html
                    Quizzes/Connectives Because Since So - Quiz.html
                    Quizzes/Connectives So Therefore As a result - Quiz.html
                    Quizzes/Comparative and Superlative Adjectives - Quiz.html
                    Quizzes/Adverbs of Sequence - Quiz.html
                    Quizzes/Prepositions of Movement - Quiz.html
                    Quizzes/Tenses - Quiz.html
                    Quizzes/Simple Past Tense - Quiz.html
                    Quizzes/Must Have to Need to - Quiz.html
                    Quizzes/Unless - Quiz.html
                    Quizzes/Simple Future Tense - Quiz.html
                    Quizzes/First Conditional - Quiz.html
                    Quizzes/Simple Present Tense - Quiz.html
                    Quizzes/Past Continuous Tense - Quiz.html
                    Quizzes/So That So As To - Quiz.html
                    Quizzes/Pronoun Table - Quiz.html
                    Quizzes/Defining Non-Defining Relative Clauses - Quiz.html
                    Quizzes/Present Continuous Tense - Quiz.html
                    Reading/Reading Vocabulary.html
                    Reading/Tips.html
                    Reading/Question Types.html
                    Writing/Text Types.html
                    _layouts/default.html
                    index.html
                    jekyll.log
                    ...done in 0.465133 seconds.
                    
      Regenerating: 40 file(s) changed at 2026-05-10 17:42:32
                    Grammar/Connectives So Therefore As a result.html
                    Grammar/Simple Present Tense.html
                    Grammar/Simple Past Tense.html
                    Grammar/So That So As To.html
                    Grammar/Passive Voice.html
                    Grammar/Past Continuous Tense.html
                    Grammar/Simple Future Tense.html
                    Grammar/Defining Non-Defining Relative Clauses.html
                    Grammar/Tenses.html
                    Grammar/Prepositions of Movement.html
                    Grammar/Pronoun Table.html
                    Grammar/Second Conditional.html
                    Grammar/Must Have to Need to.html
                    Grammar/First Conditional.html
                    Grammar/Comparative and Superlative Adjectives.html
                    Grammar/Connectives Because Since So.html
                    Grammar/Unless.html
                    Grammar/Adverbs of Sequence.html
                    Grammar/Present Continuous Tense.html
                    Listening/Listening Vocabulary.html
                    Listening/Listening Strategies.html
                    Quizzes/Passive Voice - Quiz.html
                    Quizzes/Second Conditional - Quiz.html
                    Quizzes/Connectives Because Since So - Quiz.html
                    Quizzes/Connectives So Therefore As a result - Quiz.html
                    Quizzes/Comparative and Superlative Adjectives - Quiz.html
                    Quizzes/Adverbs of Sequence - Quiz.html
                    Quizzes/Prepositions of Movement - Quiz.html
                    Quizzes/Tenses - Quiz.html
                    Quizzes/Simple Past Tense - Quiz.html
                    Quizzes/Must Have to Need to - Quiz.html
                    Quizzes/Unless - Quiz.html
                    Quizzes/Simple Future Tense - Quiz.html
                    Quizzes/First Conditional - Quiz.html
                    Quizzes/Simple Present Tense - Quiz.html
                    Quizzes/Past Continuous Tense - Quiz.html
                    Quizzes/So That So As To - Quiz.html
                    Quizzes/Pronoun Table - Quiz.html
                    Quizzes/Defining Non-Defining Relative Clauses - Quiz.html
                    Quizzes/Present Continuous Tense - Quiz.html
                    ...done in 0.51517 seconds.
                    
      Regenerating: 7 file(s) changed at 2026-05-10 17:42:33
                    Reading/Reading Vocabulary.html
                    Reading/Tips.html
                    Reading/Question Types.html
                    Writing/Text Types.html
                    _layouts/default.html
                    index.html
                    jekyll.log
                    ...done in 0.489744 seconds.
                    
      Regenerating: 1 file(s) changed at 2026-05-10 17:44:23
                    Writing/Text Types.html
                    ...done in 0.470458 seconds.
                    
      Regenerating: 1 file(s) changed at 2026-05-10 17:45:09
                    Grammar/Simple Past Tense.html
                    ...done in 0.494235 seconds.
                    
      Regenerating: 2 file(s) changed at 2026-05-10 17:45:29
                    index.html
                    jekyll.log
                    ...done in 0.471457 seconds.
                    
      Regenerating: 1 file(s) changed at 2026-05-10 17:47:19
                    Grammar/Simple Present Tense.html
                    ...done in 0.462864 seconds.
                    
      Regenerating: 1 file(s) changed at 2026-05-10 17:47:27
                    Grammar/Present Continuous Tense.html
                    ...done in 0.424104 seconds.
                    
      Regenerating: 1 file(s) changed at 2026-05-10 17:48:00
                    Grammar/Simple Future Tense.html
                    ...done in 0.444829 seconds.
                    
      Regenerating: 1 file(s) changed at 2026-05-10 17:48:12
                    Grammar/Comparative and Superlative Adjectives.html
                    ...done in 0.430111 seconds.
                    
      Regenerating: 1 file(s) changed at 2026-05-10 17:48:25
                    Grammar/Adverbs of Sequence.html
                    ...done in 0.430704 seconds.
                    
      Regenerating: 1 file(s) changed at 2026-05-10 17:48:37
                    Grammar/Passive Voice.html
                    ...done in 0.428976 seconds.
                    
      Regenerating: 1 file(s) changed at 2026-05-10 17:48:48
                    Grammar/Second Conditional.html
                    ...done in 0.428815 seconds.
                    
      Regenerating: 1 file(s) changed at 2026-05-10 17:48:59
                    Grammar/First Conditional.html
                    ...done in 0.427213 seconds.
                    
      Regenerating: 1 file(s) changed at 2026-05-10 17:49:11
                    Grammar/Past Continuous Tense.html
                    ...done in 0.429389 seconds.
                    
      Regenerating: 1 file(s) changed at 2026-05-10 17:49:22
                    Grammar/Unless.html
                    ...done in 0.439282 seconds.
                    
      Regenerating: 1 file(s) changed at 2026-05-10 17:49:33
                    Grammar/So That So As To.html
                    ...done in 0.444985 seconds.
                    
      Regenerating: 1 file(s) changed at 2026-05-10 17:49:44
                    Grammar/Prepositions of Movement.html
                    ...done in 0.433324 seconds.
                    
      Regenerating: 1 file(s) changed at 2026-05-10 17:49:55
                    Grammar/Pronoun Table.html
                    ...done in 0.433773 seconds.
                    
      Regenerating: 1 file(s) changed at 2026-05-10 17:50:06
                    Grammar/Connectives Because Since So.html
                    ...done in 0.434808 seconds.
                    
      Regenerating: 1 file(s) changed at 2026-05-10 17:50:17
                    Grammar/Must Have to Need to.html
                    ...done in 0.429797 seconds.
                    
      Regenerating: 1 file(s) changed at 2026-05-10 17:50:29
                    Grammar/Connectives So Therefore As a result.html
                    ...done in 0.429521 seconds.
                    
      Regenerating: 1 file(s) changed at 2026-05-10 17:50:40
                    Grammar/Defining Non-Defining Relative Clauses.html
                    ...done in 0.420053 seconds.
                    
      Regenerating: 1 file(s) changed at 2026-05-10 17:50:51
                    Grammar/Tenses.html
                    ...done in 0.425441 seconds.
                    
      Regenerating: 1 file(s) changed at 2026-05-10 17:53:47
                    scratch/restore_practice.py
                    ...done in 0.450757 seconds.
                    
      Regenerating: 1 file(s) changed at 2026-05-10 17:53:51
                    Listening/Listening Vocabulary.html
                    ...done in 0.427513 seconds.
                    
      Regenerating: 1 file(s) changed at 2026-05-10 17:54:41
                    _layouts/default.html
                    ...done in 0.467744 seconds.
                    
      Regenerating: 1 file(s) changed at 2026-05-10 17:54:47
                    _layouts/default.html
                    ...done in 0.433413 seconds.
                    
      Regenerating: 1 file(s) changed at 2026-05-10 17:55:18
                    Writing/Text Types.html
                    ...done in 0.437228 seconds.
                    
      Regenerating: 1 file(s) changed at 2026-05-10 17:55:23
                    Listening/Listening Vocabulary.html
                    ...done in 0.41669 seconds.
                    
      Regenerating: 1 file(s) changed at 2026-05-10 18:00:46
                    Listening/Listening Vocabulary.html
                    ...done in 0.451075 seconds.
                    
      Regenerating: 1 file(s) changed at 2026-05-10 18:01:00
                    assets/css/main.css
                    ...done in 0.417356 seconds.
                    
      Regenerating: 1 file(s) changed at 2026-05-10 18:01:07
                    assets/css/main.css
                    ...done in 0.423655 seconds.
                    
      Regenerating: 1 file(s) changed at 2026-05-10 18:01:11
                    assets/css/main.css
                    ...done in 0.432111 seconds.
                    
      Regenerating: 1 file(s) changed at 2026-05-10 18:01:16
                    assets/css/main.css
                    ...done in 0.429792 seconds.
                    
      Regenerating: 1 file(s) changed at 2026-05-10 18:01:20
                    assets/css/main.css
                    ...done in 0.428798 seconds.
                    
      Regenerating: 2 file(s) changed at 2026-05-10 18:01:26
                    index.html
                    jekyll.log
                    ...done in 0.426219 seconds.
                    
      Regenerating: 19 file(s) changed at 2026-05-10 18:01:40
                    Grammar/Connectives So Therefore As a result.html
                    Grammar/Simple Present Tense.html
                    Grammar/Simple Past Tense.html
                    Grammar/So That So As To.html
                    Grammar/Passive Voice.html
                    Grammar/Past Continuous Tense.html
                    Grammar/Simple Future Tense.html
                    Grammar/Defining Non-Defining Relative Clauses.html
                    Grammar/Tenses.html
                    Grammar/Prepositions of Movement.html
                    Grammar/Pronoun Table.html
                    Grammar/Second Conditional.html
                    Grammar/Must Have to Need to.html
                    Grammar/First Conditional.html
                    Grammar/Comparative and Superlative Adjectives.html
                    Grammar/Connectives Because Since So.html
                    Grammar/Unless.html
                    Grammar/Adverbs of Sequence.html
                    Grammar/Present Continuous Tense.html
                    ...done in 0.42415 seconds.
                    
      Regenerating: 2 file(s) changed at 2026-05-10 18:01:44
                    index.html
                    jekyll.log
                    ...done in 0.423068 seconds.
                    
      Regenerating: 1 file(s) changed at 2026-05-10 18:02:05
                    Listening/Listening Vocabulary.html
                    ...done in 0.451546 seconds.
                    
      Regenerating: 1 file(s) changed at 2026-05-10 18:04:41
                    Listening/Listening Vocabulary.html
                    ...done in 0.452571 seconds.
                    
      Regenerating: 1 file(s) changed at 2026-05-10 18:06:32
                    _layouts/default.html
                    ...done in 0.434743 seconds.
                    
      Regenerating: 1 file(s) changed at 2026-05-10 18:06:52
                    Listening/Listening Vocabulary.html
                    ...done in 0.447692 seconds.
                    
      Regenerating: 1 file(s) changed at 2026-05-10 18:07:08
                    Listening/Listening Vocabulary.html
                    ...done in 0.484715 seconds.
                    
      Regenerating: 1 file(s) changed at 2026-05-10 18:07:22
                    Grammar/Simple Past Tense.html
                    ...done in 0.438189 seconds.
                    
      Regenerating: 2 file(s) changed at 2026-05-10 18:07:51
                    index.html
                    jekyll.log
                    ...done in 0.423418 seconds.
                    
      Regenerating: 1 file(s) changed at 2026-05-10 18:07:59
                    Writing/Text Types.html
                    ...done in 0.450134 seconds.
                    
      Regenerating: 2 file(s) changed at 2026-05-10 18:09:37
                    index.html
                    jekyll.log
                    ...done in 0.456374 seconds.
                    
      Regenerating: 2 file(s) changed at 2026-05-10 18:11:56
                    index.html
                    jekyll.log
                    ...done in 0.452056 seconds.
                    
      Regenerating: 2 file(s) changed at 2026-05-10 18:14:10
                    jekyll.log
                    Speaking/Speaking Skills.html
                    ...done in 0.441893 seconds.
                    
      Regenerating: 2 file(s) changed at 2026-05-10 18:14:16
                    index.html
                    jekyll.log
                    ...done in 0.434787 seconds.
                    
      Regenerating: 2 file(s) changed at 2026-05-10 18:15:43
                    index.html
                    jekyll.log
                    ...done in 0.459598 seconds.
                    
      Regenerating: 2 file(s) changed at 2026-05-10 18:16:48
                    index.html
                    jekyll.log
                    ...done in 0.46365 seconds.
                    
      Regenerating: 1 file(s) changed at 2026-05-10 18:21:27
                    Speaking/Speaking Skills.html
                    ...done in 0.453019 seconds.
                    
      Regenerating: 1 file(s) changed at 2026-05-10 18:22:31
                    Speaking/Speaking Skills.html
                    ...done in 0.479065 seconds.
                    
      Regenerating: 1 file(s) changed at 2026-05-10 18:23:32
                    Writing/Text Types.html
                    ...done in 0.652191 seconds.
                    
      Regenerating: 1 file(s) changed at 2026-05-10 18:24:29
                    Writing/Text Types.html
                    ...done in 0.457893 seconds.
                    
      Regenerating: 1 file(s) changed at 2026-05-10 18:26:13
                    _layouts/default.html
                    ...done in 0.459295 seconds.
                    
      Regenerating: 1 file(s) changed at 2026-05-10 18:26:20
                    Writing/Text Types.html
                    ...done in 0.448744 seconds.
                    
      Regenerating: 1 file(s) changed at 2026-05-10 18:26:26
                    Speaking/Speaking Skills.html
                    ...done in 0.448674 seconds.
                    
      Regenerating: 1 file(s) changed at 2026-05-10 18:29:55
                    _layouts/default.html
                    ...done in 0.458039 seconds.
                    
      Regenerating: 2 file(s) changed at 2026-05-10 18:30:42
                    index.html
                    jekyll.log
                    ...done in 0.476928 seconds.
                    
